[0] = +5 Dexterity Vest, 9, 19
[1] = Aged Brie, 1, 1
[2] = Elixir of the Mongoose, 4, 6
[3] = Sulfuras, Hand of Ragnaros, 0, 80
[4] = Sulfuras, Hand of Ragnaros, -1, 80
[5] = Backstage passes to a TAFKAL80ETC concert, 14, 21
[6] = Backstage passes to a TAFKAL80ETC concert, 9, 50
[7] = Backstage passes to a TAFKAL80ETC concert, 4, 50
[8] = Conjured Mana Cake, 2, 5
